{"Module":"Shim","InstanceId":"b1ba0ad4f062456ba815c906b1bb64ed","ContainerId":"b1ba0ad4f062456ba815c906b1bb64ed","Timestamp":"2026-07-27T13:34:13.31779313Z","LogContent":"create req start","FunctionType":""}
{"Module":"Shim","InstanceId":"b1ba0ad4f062456ba815c906b1bb64ed","ContainerId":"b1ba0ad4f062456ba815c906b1bb64ed","Timestamp":"2026-07-27T13:34:13.31798316Z","LogContent":"load spec finish at:0","FunctionType":""}
{"Module":"Shim","InstanceId":"b1ba0ad4f062456ba815c906b1bb64ed","ContainerId":"b1ba0ad4f062456ba815c906b1bb64ed","Timestamp":"2026-07-27T13:34:13.31799376Z","LogContent":"shim pid 1830166","FunctionType":""}
{"Module":"Shim","InstanceId":"b1ba0ad4f062456ba815c906b1bb64ed","ContainerId":"b1ba0ad4f062456ba815c906b1bb64ed","Timestamp":"2026-07-27T13:34:13.31809576Z","LogContent":"snapshot restore init using snapshot_base:/usr/local/services/cubetoolbox/cube-snapshot/cubebox/tpl-cabeedb11daa4ebda1e90173, memory_vol_url:file:///data/cubelet/storage/cubecow-reflink/volumes/tpl-tpl-cabeedb11daa4ebda1e90173-memory/tpl-tpl-cabeedb11daa4ebda1e90173-memory","FunctionType":""}
{"Module":"Shim","InstanceId":"b1ba0ad4f062456ba815c906b1bb64ed","ContainerId":"b1ba0ad4f062456ba815c906b1bb64ed","Timestamp":"2026-07-27T13:34:13.31810686Z","LogContent":"start vm start","FunctionType":""}
{"Module":"Shim","InstanceId":"b1ba0ad4f062456ba815c906b1bb64ed","ContainerId":"b1ba0ad4f062456ba815c906b1bb64ed","Timestamp":"2026-07-27T13:34:13.31957663Z","LogContent":"snapshot dir:file:///usr/local/services/cubetoolbox/cube-snapshot/cubebox/tpl-cabeedb11daa4ebda1e90173/2C2000M/snapshot","FunctionType":""}
{"Module":"Shim","InstanceId":"b1ba0ad4f062456ba815c906b1bb64ed","ContainerId":"b1ba0ad4f062456ba815c906b1bb64ed","Timestamp":"2026-07-27T13:34:13.32947985Z","LogContent":"subsystem\":\"signals\"}\r","FunctionType":""}
{"Module":"Shim","InstanceId":"b1ba0ad4f062456ba815c906b1bb64ed","ContainerId":"b1ba0ad4f062456ba815c906b1bb64ed","Timestamp":"2026-07-27T13:34:13.3315772Z","LogContent":"{\"msg\":\"wait process\",\"level\":\"INFO\",\"ts\":\"2026-07-27T13:33:59.1955282Z\",\"container-id\":\"tpl-cabeedb11daa4ebda1e90173_0\",\"exec-id\":\"cubesandbox-internal-probe-594b18e5-a22a-405c-bd48-45b0dc7faeb8\"}\r","FunctionType":""}
{"Module":"Shim","InstanceId":"b1ba0ad4f062456ba815c906b1bb64ed","ContainerId":"b1ba0ad4f062456ba815c906b1bb64ed","Timestamp":"2026-07-27T13:34:13.33217483Z","LogContent":"agent is ready","FunctionType":""}
{"Module":"Shim","InstanceId":"b1ba0ad4f062456ba815c906b1bb64ed","ContainerId":"b1ba0ad4f062456ba815c906b1bb64ed","Timestamp":"2026-07-27T13:34:13.33367013Z","LogContent":"{\"msg\":\"cid tpl-cabeedb11daa4ebda1e90173_0 eid cubesandbox-internal-probe-594b18e5-a22a-405c-bd48-45b0dc7faeb8 waiting for exit signal\",\"level\":\"INFO\",\"ts\":\"2026-07-27T13:33:59.19554961Z\"}\r","FunctionType":""}
{"Module":"Shim","InstanceId":"b1ba0ad4f062456ba815c906b1bb64ed","ContainerId":"b1ba0ad4f062456ba815c906b1bb64ed","Timestamp":"2026-07-27T13:34:13.33569544Z","LogContent":"{\"msg\":\"cid tpl-cabeedb11daa4ebda1e90173_0 eid cubesandbox-internal-probe-594b18e5-a22a-405c-bd48-45b0dc7faeb8 received exit signal\",\"level\":\"INFO\",\"ts\":\"2026-07-27T13:33:59.19556308Z\"}\r","FunctionType":""}
{"Module":"Shim","InstanceId":"b1ba0ad4f062456ba815c906b1bb64ed","ContainerId":"b1ba0ad4f062456ba815c906b1bb64ed","Timestamp":"2026-07-27T13:34:16.33307282Z","LogContent":"Create sandbox failed:reset guest time failed:ttrpc err: Receive packet timeout Elapsed(())","FunctionType":""}
{"Module":"Shim","InstanceId":"b1ba0ad4f062456ba815c906b1bb64ed","ContainerId":"b1ba0ad4f062456ba815c906b1bb64ed","Timestamp":"2026-07-27T13:34:16.33324367Z","LogContent":"delete req start, id:b1ba0ad4f062456ba815c906b1bb64ed, execid:","FunctionType":""}
{"Module":"Shim","InstanceId":"b1ba0ad4f062456ba815c906b1bb64ed","ContainerId":"b1ba0ad4f062456ba815c906b1bb64ed","Timestamp":"2026-07-27T13:34:16.33325156Z","LogContent":"delete container failed:Not Found: not found container:b1ba0ad4f062456ba815c906b1bb64ed","FunctionType":""}
{"Module":"Shim","InstanceId":"b1ba0ad4f062456ba815c906b1bb64ed","ContainerId":"b1ba0ad4f062456ba815c906b1bb64ed","Timestamp":"2026-07-27T13:34:16.33341034Z","LogContent":"shutdown req start","FunctionType":""}
{"Module":"Shim","InstanceId":"b1ba0ad4f062456ba815c906b1bb64ed","ContainerId":"b1ba0ad4f062456ba815c906b1bb64ed","Timestamp":"2026-07-27T13:34:16.33341559Z","LogContent":"destroy sandbox start","FunctionType":""}
{"Module":"Shim","InstanceId":"b1ba0ad4f062456ba815c906b1bb64ed","ContainerId":"b1ba0ad4f062456ba815c906b1bb64ed","Timestamp":"2026-07-27T13:34:16.53371909Z","LogContent":"destroy sandbox failed:ttrpc err: Receive packet timeout Elapsed(()), but nothing to do","FunctionType":""}
{"Module":"Shim","InstanceId":"b1ba0ad4f062456ba815c906b1bb64ed","ContainerId":"b1ba0ad4f062456ba815c906b1bb64ed","Timestamp":"2026-07-27T13:34:16.53372174Z","LogContent":"wait vm shutdown","FunctionType":""}
{"Module":"Shim","InstanceId":"b1ba0ad4f062456ba815c906b1bb64ed","ContainerId":"b1ba0ad4f062456ba815c906b1bb64ed","Timestamp":"2026-07-27T13:34:17.53378925Z","LogContent":"wait vm shutdown event failed:Receive event timeout after 1000ms, but nothing to do","FunctionType":""}
{"Module":"Shim","InstanceId":"b1ba0ad4f062456ba815c906b1bb64ed","ContainerId":"b1ba0ad4f062456ba815c906b1bb64ed","Timestamp":"2026-07-27T13:34:17.53379921Z","LogContent":"wait ch exit","FunctionType":""}
{"Module":"Shim","InstanceId":"b1ba0ad4f062456ba815c906b1bb64ed","ContainerId":"b1ba0ad4f062456ba815c906b1bb64ed","Timestamp":"2026-07-27T13:35:13.34127715Z","LogContent":"[   60.752724][    C0] rcu: INFO: rcu_sched detected stalls on CPUs/tasks:\r","FunctionType":""}
{"Module":"Shim","InstanceId":"b1ba0ad4f062456ba815c906b1bb64ed","ContainerId":"b1ba0ad4f062456ba815c906b1bb64ed","Timestamp":"2026-07-27T13:35:13.34253214Z","LogContent":"[   60.753688][    C0] rcu: \t1-...!: (0 ticks this GP) idle=ae34/1/0x4000000000000000 softirq=115/115 fqs=0 (false positive?)\r","FunctionType":""}
{"Module":"Shim","InstanceId":"b1ba0ad4f062456ba815c906b1bb64ed","ContainerId":"b1ba0ad4f062456ba815c906b1bb64ed","Timestamp":"2026-07-27T13:35:13.34338686Z","LogContent":"[   60.754928][    C0] rcu: \t(detected by 0, t=15002 jiffies, g=-1027, q=249 ncpus=2)\r","FunctionType":""}
{"Module":"Shim","InstanceId":"b1ba0ad4f062456ba815c906b1bb64ed","ContainerId":"b1ba0ad4f062456ba815c906b1bb64ed","Timestamp":"2026-07-27T13:35:23.39414204Z","LogContent":"[   70.805049][    C0] rcu: rcu_sched kthread timer wakeup didn't happen for 15001 jiffies! g-1027 f0x0 RCU_GP_WAIT_FQS(5) ->state=0x402\r","FunctionType":""}
{"Module":"Shim","InstanceId":"b1ba0ad4f062456ba815c906b1bb64ed","ContainerId":"b1ba0ad4f062456ba815c906b1bb64ed","Timestamp":"2026-07-27T13:35:23.39501249Z","LogContent":"[   70.806549][    C0] rcu: \tPossible timer handling issue on cpu=1 timer-softirq=34\r","FunctionType":""}
{"Module":"Shim","InstanceId":"b1ba0ad4f062456ba815c906b1bb64ed","ContainerId":"b1ba0ad4f062456ba815c906b1bb64ed","Timestamp":"2026-07-27T13:35:23.39622551Z","LogContent":"[   70.807408][    C0] rcu: rcu_sched kthread starved for 15002 jiffies! g-1027 f0x0 RCU_GP_WAIT_FQS(5) ->state=0x402 ->cpu=1\r","FunctionType":""}
{"Module":"Shim","InstanceId":"b1ba0ad4f062456ba815c906b1bb64ed","ContainerId":"b1ba0ad4f062456ba815c906b1bb64ed","Timestamp":"2026-07-27T13:35:23.39727919Z","LogContent":"[   70.808621][    C0] rcu: \tUnless rcu_sched kthread gets sufficient CPU time, OOM is now expected behavior.\r","FunctionType":""}
{"Module":"Shim","InstanceId":"b1ba0ad4f062456ba815c906b1bb64ed","ContainerId":"b1ba0ad4f062456ba815c906b1bb64ed","Timestamp":"2026-07-27T13:35:23.39791191Z","LogContent":"[   70.809674][    C0] rcu: RCU grace-period kthread stack dump:\r","FunctionType":""}
{"Module":"Shim","InstanceId":"b1ba0ad4f062456ba815c906b1bb64ed","ContainerId":"b1ba0ad4f062456ba815c906b1bb64ed","Timestamp":"2026-07-27T13:35:23.39864407Z","LogContent":"[   70.810358][    C0] rcu: Stack dump where RCU GP kthread last ran:\r","FunctionType":""}
