event,ns,tid,note
arm,170951099062910,447981,wfi=10000
entry,170951099075390,447981,seq=1 pc=ffffb3bb75a7aab4 ps=414010c5 i=1 ulrs=5 vmcr=f04c000a lr0=70a0001b0000001b lr1=50a0000000002015 lr2=50a0000000000000 lr3=50a000000000201a
entry,170951099079670,447981,seq=2 pc=ffffb3bb75a7aab4 ps=414010c5 i=1 ulrs=5 vmcr=f04c000a lr0=70a0001b0000001b lr1=50a0000000002015 lr2=50a0000000000000 lr3=50a000000000201a
entry,170951099082440,447981,seq=3 pc=ffffb3bb75a7aab4 ps=414010c5 i=1 ulrs=5 vmcr=f04c000a lr0=70a0001b0000001b lr1=50a0000000002015 lr2=50a0000000000000 lr3=50a000000000201a
entry,170951099085080,447981,seq=4 pc=ffffb3bb75a7aab4 ps=414010c5 i=1 ulrs=5 vmcr=f04c000a lr0=70a0001b0000001b lr1=50a0000000002015 lr2=50a0000000000000 lr3=50a000000000201a
entry,170951099087380,447981,seq=5 pc=ffffb3bb75a7aab4 ps=414010c5 i=1 ulrs=5 vmcr=f04c000a lr0=70a0001b0000001b lr1=50a0000000002015 lr2=50a0000000000000 lr3=50a000000000201a
entry,170951099089720,447981,seq=6 pc=ffffb3bb75a7aab4 ps=414010c5 i=1 ulrs=5 vmcr=f04c000a lr0=70a0001b0000001b lr1=50a0000000002015 lr2=50a0000000000000 lr3=50a000000000201a
entry,170951099092040,447981,seq=7 pc=ffffb3bb75a7aab4 ps=414010c5 i=1 ulrs=5 vmcr=f04c000a lr0=70a0001b0000001b lr1=50a0000000002015 lr2=50a0000000000000 lr3=50a000000000201a
entry,170951099094320,447981,seq=8 pc=ffffb3bb75a7aab4 ps=414010c5 i=1 ulrs=5 vmcr=f04c000a lr0=70a0001b0000001b lr1=50a0000000002015 lr2=50a0000000000000 lr3=50a000000000201a
entry,170951099096590,447981,seq=9 pc=ffffb3bb75a7aab4 ps=414010c5 i=1 ulrs=5 vmcr=f04c000a lr0=70a0001b0000001b lr1=50a0000000002015 lr2=50a0000000000000 lr3=50a000000000201a
entry,170951099098890,447981,seq=10 pc=ffffb3bb75a7aab4 ps=414010c5 i=1 ulrs=5 vmcr=f04c000a lr0=70a0001b0000001b lr1=50a0000000002015 lr2=50a0000000000000 lr3=50a000000000201a
entry,170951099101230,447981,seq=11 pc=ffffb3bb75a7aab4 ps=414010c5 i=1 ulrs=5 vmcr=f04c000a lr0=70a0001b0000001b lr1=50a0000000002015 lr2=50a0000000000000 lr3=50a000000000201a
entry,170951099103550,447981,seq=12 pc=ffffb3bb75a7aab4 ps=414010c5 i=1 ulrs=5 vmcr=f04c000a lr0=70a0001b0000001b lr1=50a0000000002015 lr2=50a0000000000000 lr3=50a000000000201a
entry,170951099105880,447981,seq=13 pc=ffffb3bb75a7aab4 ps=414010c5 i=1 ulrs=5 vmcr=f04c000a lr0=70a0001b0000001b lr1=50a0000000002015 lr2=50a0000000000000 lr3=50a000000000201a
entry,170951099108220,447981,seq=14 pc=ffffb3bb75a7aab4 ps=414010c5 i=1 ulrs=5 vmcr=f04c000a lr0=70a0001b0000001b lr1=50a0000000002015 lr2=50a0000000000000 lr3=50a000000000201a
entry,170951099110550,447981,seq=15 pc=ffffb3bb75a7aab4 ps=414010c5 i=1 ulrs=5 vmcr=f04c000a lr0=70a0001b0000001b lr1=50a0000000002015 lr2=50a0000000000000 lr3=50a000000000201a
entry,170951099112860,447981,seq=16 pc=ffffb3bb75a7aab4 ps=414010c5 i=1 ulrs=5 vmcr=f04c000a lr0=70a0001b0000001b lr1=50a0000000002015 lr2=50a0000000000000 lr3=50a000000000201a
entry,170951099115170,447981,seq=17 pc=ffffb3bb75a7aab4 ps=414010c5 i=1 ulrs=5 vmcr=f04c000a lr0=70a0001b0000001b lr1=50a0000000002015 lr2=50a0000000000000 lr3=50a000000000201a
entry,170951099117480,447981,seq=18 pc=ffffb3bb75a7aab4 ps=414010c5 i=1 ulrs=5 vmcr=f04c000a lr0=70a0001b0000001b lr1=50a0000000002015 lr2=50a0000000000000 lr3=50a000000000201a
entry,170951099119800,447981,seq=19 pc=ffffb3bb75a7aab4 ps=414010c5 i=1 ulrs=5 vmcr=f04c000a lr0=70a0001b0000001b lr1=50a0000000002015 lr2=50a0000000000000 lr3=50a000000000201a
entry,170951099122140,447981,seq=20 pc=ffffb3bb75a7aab4 ps=414010c5 i=1 ulrs=5 vmcr=f04c000a lr0=70a0001b0000001b lr1=50a0000000002015 lr2=50a0000000000000 lr3=50a000000000201a
entry,170951099124430,447981,seq=21 pc=ffffb3bb75a7aab4 ps=414010c5 i=1 ulrs=5 vmcr=f04c000a lr0=70a0001b0000001b lr1=50a0000000002015 lr2=50a0000000000000 lr3=50a000000000201a
entry,170951099126980,447981,seq=22 pc=ffffb3bb75a7aab4 ps=414010c5 i=1 ulrs=5 vmcr=f04c000a lr0=70a0001b0000001b lr1=50a0000000002015 lr2=50a0000000000000 lr3=50a000000000201a
entry,170951099129300,447981,seq=23 pc=ffffb3bb75a7aab4 ps=414010c5 i=1 ulrs=5 vmcr=f04c000a lr0=70a0001b0000001b lr1=50a0000000002015 lr2=50a0000000000000 lr3=50a000000000201a
entry,170951099131600,447981,seq=24 pc=ffffb3bb75a7aab4 ps=414010c5 i=1 ulrs=5 vmcr=f04c000a lr0=70a0001b0000001b lr1=50a0000000002015 lr2=50a0000000000000 lr3=50a000000000201a
entry,170951099133890,447981,seq=25 pc=ffffb3bb75a7aab4 ps=414010c5 i=1 ulrs=5 vmcr=f04c000a lr0=70a0001b0000001b lr1=50a0000000002015 lr2=50a0000000000000 lr3=50a000000000201a
entry,170951099136200,447981,seq=26 pc=ffffb3bb75a7aab4 ps=414010c5 i=1 ulrs=5 vmcr=f04c000a lr0=70a0001b0000001b lr1=50a0000000002015 lr2=50a0000000000000 lr3=50a000000000201a
entry,170951099138490,447981,seq=27 pc=ffffb3bb75a7aab4 ps=414010c5 i=1 ulrs=5 vmcr=f04c000a lr0=70a0001b0000001b lr1=50a0000000002015 lr2=50a0000000000000 lr3=50a000000000201a
entry,170951099140820,447981,seq=28 pc=ffffb3bb75a7aab4 ps=414010c5 i=1 ulrs=5 vmcr=f04c000a lr0=70a0001b0000001b lr1=50a0000000002015 lr2=50a0000000000000 lr3=50a000000000201a
entry,170951099143240,447981,seq=29 pc=ffffb3bb75a7aab4 ps=414010c5 i=1 ulrs=5 vmcr=f04c000a lr0=70a0001b0000001b lr1=50a0000000002015 lr2=50a0000000000000 lr3=50a000000000201a
entry,170951099145580,447981,seq=30 pc=ffffb3bb75a7aab4 ps=414010c5 i=1 ulrs=5 vmcr=f04c000a lr0=70a0001b0000001b lr1=50a0000000002015 lr2=50a0000000000000 lr3=50a000000000201a
entry,170951099148000,447981,seq=31 pc=ffffb3bb75a7aab4 ps=414010c5 i=1 ulrs=5 vmcr=f04c000a lr0=70a0001b0000001b lr1=50a0000000002015 lr2=50a0000000000000 lr3=50a000000000201a
entry,170951099150340,447981,seq=32 pc=ffffb3bb75a7aab4 ps=414010c5 i=1 ulrs=5 vmcr=f04c000a lr0=70a0001b0000001b lr1=50a0000000002015 lr2=50a0000000000000 lr3=50a000000000201a
entry,170951099152660,447981,seq=33 pc=ffffb3bb75a7aab4 ps=414010c5 i=1 ulrs=5 vmcr=f04c000a lr0=70a0001b0000001b lr1=50a0000000002015 lr2=50a0000000000000 lr3=50a000000000201a
entry,170951099155280,447981,seq=34 pc=ffffb3bb75a7aab4 ps=414010c5 i=1 ulrs=5 vmcr=f04c000a lr0=70a0001b0000001b lr1=50a0000000002015 lr2=50a0000000000000 lr3=50a000000000201a
entry,170951099158150,447981,seq=35 pc=ffffb3bb75a7aab4 ps=414010c5 i=1 ulrs=5 vmcr=f04c000a lr0=70a0001b0000001b lr1=50a0000000002015 lr2=50a0000000000000 lr3=50a000000000201a
entry,170951099160470,447981,seq=36 pc=ffffb3bb75a7aab4 ps=414010c5 i=1 ulrs=5 vmcr=f04c000a lr0=70a0001b0000001b lr1=50a0000000002015 lr2=50a0000000000000 lr3=50a000000000201a
entry,170951099163090,447981,seq=37 pc=ffffb3bb75a7aab4 ps=414010c5 i=1 ulrs=5 vmcr=f04c000a lr0=70a0001b0000001b lr1=50a0000000002015 lr2=50a0000000000000 lr3=50a000000000201a
entry,170951099165700,447981,seq=38 pc=ffffb3bb75a7aab4 ps=414010c5 i=1 ulrs=5 vmcr=f04c000a lr0=70a0001b0000001b lr1=50a0000000002015 lr2=50a0000000000000 lr3=50a000000000201a
entry,170951099168240,447981,seq=39 pc=ffffb3bb75a7aab4 ps=414010c5 i=1 ulrs=5 vmcr=f04c000a lr0=70a0001b0000001b lr1=50a0000000002015 lr2=50a0000000000000 lr3=50a000000000201a
entry,170951099170870,447981,seq=40 pc=ffffb3bb75a7aab4 ps=414010c5 i=1 ulrs=5 vmcr=f04c000a lr0=70a0001b0000001b lr1=50a0000000002015 lr2=50a0000000000000 lr3=50a000000000201a
entry,170951099173170,447981,seq=41 pc=ffffb3bb75a7aab4 ps=414010c5 i=1 ulrs=5 vmcr=f04c000a lr0=70a0001b0000001b lr1=50a0000000002015 lr2=50a0000000000000 lr3=50a000000000201a
entry,170951099175770,447981,seq=42 pc=ffffb3bb75a7aab4 ps=414010c5 i=1 ulrs=5 vmcr=f04c000a lr0=70a0001b0000001b lr1=50a0000000002015 lr2=50a0000000000000 lr3=50a000000000201a
entry,170951099178360,447981,seq=43 pc=ffffb3bb75a7aab4 ps=414010c5 i=1 ulrs=5 vmcr=f04c000a lr0=70a0001b0000001b lr1=50a0000000002015 lr2=50a0000000000000 lr3=50a000000000201a
entry,170951099180920,447981,seq=44 pc=ffffb3bb75a7aab4 ps=414010c5 i=1 ulrs=5 vmcr=f04c000a lr0=70a0001b0000001b lr1=50a0000000002015 lr2=50a0000000000000 lr3=50a000000000201a
entry,170951099183480,447981,seq=45 pc=ffffb3bb75a7aab4 ps=414010c5 i=1 ulrs=5 vmcr=f04c000a lr0=70a0001b0000001b lr1=50a0000000002015 lr2=50a0000000000000 lr3=50a000000000201a
entry,170951099186040,447981,seq=46 pc=ffffb3bb75a7aab4 ps=414010c5 i=1 ulrs=5 vmcr=f04c000a lr0=70a0001b0000001b lr1=50a0000000002015 lr2=50a0000000000000 lr3=50a000000000201a
entry,170951099188600,447981,seq=47 pc=ffffb3bb75a7aab4 ps=414010c5 i=1 ulrs=5 vmcr=f04c000a lr0=70a0001b0000001b lr1=50a0000000002015 lr2=50a0000000000000 lr3=50a000000000201a
entry,170951099190920,447981,seq=48 pc=ffffb3bb75a7aab4 ps=414010c5 i=1 ulrs=5 vmcr=f04c000a lr0=70a0001b0000001b lr1=50a0000000002015 lr2=50a0000000000000 lr3=50a000000000201a
entry,170951099193550,447981,seq=49 pc=ffffb3bb75a7aab4 ps=414010c5 i=1 ulrs=5 vmcr=f04c000a lr0=70a0001b0000001b lr1=50a0000000002015 lr2=50a0000000000000 lr3=50a000000000201a
entry,170951099196180,447981,seq=50 pc=ffffb3bb75a7aab4 ps=414010c5 i=1 ulrs=5 vmcr=f04c000a lr0=70a0001b0000001b lr1=50a0000000002015 lr2=50a0000000000000 lr3=50a000000000201a
entry,170951099198730,447981,seq=51 pc=ffffb3bb75a7aab4 ps=414010c5 i=1 ulrs=5 vmcr=f04c000a lr0=70a0001b0000001b lr1=50a0000000002015 lr2=50a0000000000000 lr3=50a000000000201a
entry,170951099201280,447981,seq=52 pc=ffffb3bb75a7aab4 ps=414010c5 i=1 ulrs=5 vmcr=f04c000a lr0=70a0001b0000001b lr1=50a0000000002015 lr2=50a0000000000000 lr3=50a000000000201a
entry,170951099203920,447981,seq=53 pc=ffffb3bb75a7aab4 ps=414010c5 i=1 ulrs=5 vmcr=f04c000a lr0=70a0001b0000001b lr1=50a0000000002015 lr2=50a0000000000000 lr3=50a000000000201a
entry,170951099206470,447981,seq=54 pc=ffffb3bb75a7aab4 ps=414010c5 i=1 ulrs=5 vmcr=f04c000a lr0=70a0001b0000001b lr1=50a0000000002015 lr2=50a0000000000000 lr3=50a000000000201a
entry,170951099208800,447981,seq=55 pc=ffffb3bb75a7aab4 ps=414010c5 i=1 ulrs=5 vmcr=f04c000a lr0=70a0001b0000001b lr1=50a0000000002015 lr2=50a0000000000000 lr3=50a000000000201a
entry,170951099211320,447981,seq=56 pc=ffffb3bb75a7aab4 ps=414010c5 i=1 ulrs=5 vmcr=f04c000a lr0=70a0001b0000001b lr1=50a0000000002015 lr2=50a0000000000000 lr3=50a000000000201a
entry,170951099213850,447981,seq=57 pc=ffffb3bb75a7aab4 ps=414010c5 i=1 ulrs=5 vmcr=f04c000a lr0=70a0001b0000001b lr1=50a0000000002015 lr2=50a0000000000000 lr3=50a000000000201a
entry,170951099216360,447981,seq=58 pc=ffffb3bb75a7aab4 ps=414010c5 i=1 ulrs=5 vmcr=f04c000a lr0=70a0001b0000001b lr1=50a0000000002015 lr2=50a0000000000000 lr3=50a000000000201a
entry,170951099218990,447981,seq=59 pc=ffffb3bb75a7aab4 ps=414010c5 i=1 ulrs=5 vmcr=f04c000a lr0=70a0001b0000001b lr1=50a0000000002015 lr2=50a0000000000000 lr3=50a000000000201a
entry,170951099221270,447981,seq=60 pc=ffffb3bb75a7aab4 ps=414010c5 i=1 ulrs=5 vmcr=f04c000a lr0=70a0001b0000001b lr1=50a0000000002015 lr2=50a0000000000000 lr3=50a000000000201a
entry,170951099223570,447981,seq=61 pc=ffffb3bb75a7aab4 ps=414010c5 i=1 ulrs=5 vmcr=f04c000a lr0=70a0001b0000001b lr1=50a0000000002015 lr2=50a0000000000000 lr3=50a000000000201a
entry,170951099225890,447981,seq=62 pc=ffffb3bb75a7aab4 ps=414010c5 i=1 ulrs=5 vmcr=f04c000a lr0=70a0001b0000001b lr1=50a0000000002015 lr2=50a0000000000000 lr3=50a000000000201a
entry,170951099228430,447981,seq=63 pc=ffffb3bb75a7aab4 ps=414010c5 i=1 ulrs=5 vmcr=f04c000a lr0=70a0001b0000001b lr1=50a0000000002015 lr2=50a0000000000000 lr3=50a000000000201a
entry,170951099230970,447981,seq=64 pc=ffffb3bb75a7aab4 ps=414010c5 i=1 ulrs=5 vmcr=f04c000a lr0=70a0001b0000001b lr1=50a0000000002015 lr2=50a0000000000000 lr3=50a000000000201a
entry,170951099233620,447981,seq=65 pc=ffffb3bb75a7aab4 ps=414010c5 i=1 ulrs=5 vmcr=f04c000a lr0=70a0001b0000001b lr1=50a0000000002015 lr2=50a0000000000000 lr3=50a000000000201a
entry,170951099236250,447981,seq=66 pc=ffffb3bb75a7aab4 ps=414010c5 i=1 ulrs=5 vmcr=f04c000a lr0=70a0001b0000001b lr1=50a0000000002015 lr2=50a0000000000000 lr3=50a000000000201a
entry,170951099238800,447981,seq=67 pc=ffffb3bb75a7aab4 ps=414010c5 i=1 ulrs=5 vmcr=f04c000a lr0=70a0001b0000001b lr1=50a0000000002015 lr2=50a0000000000000 lr3=50a000000000201a
entry,170951099241170,447981,seq=68 pc=ffffb3bb75a7aab4 ps=414010c5 i=1 ulrs=5 vmcr=f04c000a lr0=70a0001b0000001b lr1=50a0000000002015 lr2=50a0000000000000 lr3=50a000000000201a
entry,170951099243720,447981,seq=69 pc=ffffb3bb75a7aab4 ps=414010c5 i=1 ulrs=5 vmcr=f04c000a lr0=70a0001b0000001b lr1=50a0000000002015 lr2=50a0000000000000 lr3=50a000000000201a
entry,170951099246290,447981,seq=70 pc=ffffb3bb75a7aab4 ps=414010c5 i=1 ulrs=5 vmcr=f04c000a lr0=70a0001b0000001b lr1=50a0000000002015 lr2=50a0000000000000 lr3=50a000000000201a
entry,170951099248870,447981,seq=71 pc=ffffb3bb75a7aab4 ps=414010c5 i=1 ulrs=5 vmcr=f04c000a lr0=70a0001b0000001b lr1=50a0000000002015 lr2=50a0000000000000 lr3=50a000000000201a
entry,170951099251490,447981,seq=72 pc=ffffb3bb75a7aab4 ps=414010c5 i=1 ulrs=5 vmcr=f04c000a lr0=70a0001b0000001b lr1=50a0000000002015 lr2=50a0000000000000 lr3=50a000000000201a
entry,170951099254100,447981,seq=73 pc=ffffb3bb75a7aab4 ps=414010c5 i=1 ulrs=5 vmcr=f04c000a lr0=70a0001b0000001b lr1=50a0000000002015 lr2=50a0000000000000 lr3=50a000000000201a
entry,170951099256970,447981,seq=74 pc=ffffb3bb75a7aab4 ps=414010c5 i=1 ulrs=5 vmcr=f04c000a lr0=70a0001b0000001b lr1=50a0000000002015 lr2=50a0000000000000 lr3=50a000000000201a
entry,170951099259500,447981,seq=75 pc=ffffb3bb75a7aab4 ps=414010c5 i=1 ulrs=5 vmcr=f04c000a lr0=70a0001b0000001b lr1=50a0000000002015 lr2=50a0000000000000 lr3=50a000000000201a
entry,170951099261790,447981,seq=76 pc=ffffb3bb75a7aab4 ps=414010c5 i=1 ulrs=5 vmcr=f04c000a lr0=70a0001b0000001b lr1=50a0000000002015 lr2=50a0000000000000 lr3=50a000000000201a
entry,170951099264320,447981,seq=77 pc=ffffb3bb75a7aab4 ps=414010c5 i=1 ulrs=5 vmcr=f04c000a lr0=70a0001b0000001b lr1=50a0000000002015 lr2=50a0000000000000 lr3=50a000000000201a
entry,170951099266850,447981,seq=78 pc=ffffb3bb75a7aab4 ps=414010c5 i=1 ulrs=5 vmcr=f04c000a lr0=70a0001b0000001b lr1=50a0000000002015 lr2=50a0000000000000 lr3=50a000000000201a
entry,170951099269400,447981,seq=79 pc=ffffb3bb75a7aab4 ps=414010c5 i=1 ulrs=5 vmcr=f04c000a lr0=70a0001b0000001b lr1=50a0000000002015 lr2=50a0000000000000 lr3=50a000000000201a
entry,170951099271940,447981,seq=80 pc=ffffb3bb75a7aab4 ps=414010c5 i=1 ulrs=5 vmcr=f04c000a lr0=70a0001b0000001b lr1=50a0000000002015 lr2=50a0000000000000 lr3=50a000000000201a
entry,170951099274500,447981,seq=81 pc=ffffb3bb75a7aab4 ps=414010c5 i=1 ulrs=5 vmcr=f04c000a lr0=70a0001b0000001b lr1=50a0000000002015 lr2=50a0000000000000 lr3=50a000000000201a
entry,170951099276850,447981,seq=82 pc=ffffb3bb75a7aab4 ps=414010c5 i=1 ulrs=5 vmcr=f04c000a lr0=70a0001b0000001b lr1=50a0000000002015 lr2=50a0000000000000 lr3=50a000000000201a
entry,170951099279390,447981,seq=83 pc=ffffb3bb75a7aab4 ps=414010c5 i=1 ulrs=5 vmcr=f04c000a lr0=70a0001b0000001b lr1=50a0000000002015 lr2=50a0000000000000 lr3=50a000000000201a
entry,170951099282040,447981,seq=84 pc=ffffb3bb75a7aab4 ps=414010c5 i=1 ulrs=5 vmcr=f04c000a lr0=70a0001b0000001b lr1=50a0000000002015 lr2=50a0000000000000 lr3=50a000000000201a
entry,170951099284600,447981,seq=85 pc=ffffb3bb75a7aab4 ps=414010c5 i=1 ulrs=5 vmcr=f04c000a lr0=70a0001b0000001b lr1=50a0000000002015 lr2=50a0000000000000 lr3=50a000000000201a
entry,170951099287220,447981,seq=86 pc=ffffb3bb75a7aab4 ps=414010c5 i=1 ulrs=5 vmcr=f04c000a lr0=70a0001b0000001b lr1=50a0000000002015 lr2=50a0000000000000 lr3=50a000000000201a
entry,170951099289790,447981,seq=87 pc=ffffb3bb75a7aab4 ps=414010c5 i=1 ulrs=5 vmcr=f04c000a lr0=70a0001b0000001b lr1=50a0000000002015 lr2=50a0000000000000 lr3=50a000000000201a
entry,170951099292410,447981,seq=88 pc=ffffb3bb75a7aab4 ps=414010c5 i=1 ulrs=5 vmcr=f04c000a lr0=70a0001b0000001b lr1=50a0000000002015 lr2=50a0000000000000 lr3=50a000000000201a
entry,170951099294980,447981,seq=89 pc=ffffb3bb75a7aab4 ps=414010c5 i=1 ulrs=5 vmcr=f04c000a lr0=70a0001b0000001b lr1=50a0000000002015 lr2=50a0000000000000 lr3=50a000000000201a
entry,170951099297340,447981,seq=90 pc=ffffb3bb75a7aab4 ps=414010c5 i=1 ulrs=5 vmcr=f04c000a lr0=70a0001b0000001b lr1=50a0000000002015 lr2=50a0000000000000 lr3=50a000000000201a
entry,170951099299950,447981,seq=91 pc=ffffb3bb75a7aab4 ps=414010c5 i=1 ulrs=5 vmcr=f04c000a lr0=70a0001b0000001b lr1=50a0000000002015 lr2=50a0000000000000 lr3=50a000000000201a
entry,170951099302510,447981,seq=92 pc=ffffb3bb75a7aab4 ps=414010c5 i=1 ulrs=5 vmcr=f04c000a lr0=70a0001b0000001b lr1=50a0000000002015 lr2=50a0000000000000 lr3=50a000000000201a
entry,170951099304800,447981,seq=93 pc=ffffb3bb75a7aab4 ps=414010c5 i=1 ulrs=5 vmcr=f04c000a lr0=70a0001b0000001b lr1=50a0000000002015 lr2=50a0000000000000 lr3=50a000000000201a
entry,170951099307350,447981,seq=94 pc=ffffb3bb75a7aab4 ps=414010c5 i=1 ulrs=5 vmcr=f04c000a lr0=70a0001b0000001b lr1=50a0000000002015 lr2=50a0000000000000 lr3=50a000000000201a
entry,170951099309890,447981,seq=95 pc=ffffb3bb75a7aab4 ps=414010c5 i=1 ulrs=5 vmcr=f04c000a lr0=70a0001b0000001b lr1=50a0000000002015 lr2=50a0000000000000 lr3=50a000000000201a
entry,170951099312410,447981,seq=96 pc=ffffb3bb75a7aab4 ps=414010c5 i=1 ulrs=5 vmcr=f04c000a lr0=70a0001b0000001b lr1=50a0000000002015 lr2=50a0000000000000 lr3=50a000000000201a
entry,170951099314930,447981,seq=97 pc=ffffb3bb75a7aab4 ps=414010c5 i=1 ulrs=5 vmcr=f04c000a lr0=70a0001b0000001b lr1=50a0000000002015 lr2=50a0000000000000 lr3=50a000000000201a
entry,170951099317480,447981,seq=98 pc=ffffb3bb75a7aab4 ps=414010c5 i=1 ulrs=5 vmcr=f04c000a lr0=70a0001b0000001b lr1=50a0000000002015 lr2=50a0000000000000 lr3=50a000000000201a
entry,170951099319790,447981,seq=99 pc=ffffb3bb75a7aab4 ps=414010c5 i=1 ulrs=5 vmcr=f04c000a lr0=70a0001b0000001b lr1=50a0000000002015 lr2=50a0000000000000 lr3=50a000000000201a
entry,170951099322340,447981,seq=100 pc=ffffb3bb75a7aab4 ps=414010c5 i=1 ulrs=5 vmcr=f04c000a lr0=70a0001b0000001b lr1=50a0000000002015 lr2=50a0000000000000 lr3=50a000000000201a
entry,170951099324890,447981,seq=101 pc=ffffb3bb75a7aab4 ps=414010c5 i=1 ulrs=5 vmcr=f04c000a lr0=70a0001b0000001b lr1=50a0000000002015 lr2=50a0000000000000 lr3=50a000000000201a
entry,170951099327510,447981,seq=102 pc=ffffb3bb75a7aab4 ps=414010c5 i=1 ulrs=5 vmcr=f04c000a lr0=70a0001b0000001b lr1=50a0000000002015 lr2=50a0000000000000 lr3=50a000000000201a
entry,170951099330090,447981,seq=103 pc=ffffb3bb75a7aab4 ps=414010c5 i=1 ulrs=5 vmcr=f04c000a lr0=70a0001b0000001b lr1=50a0000000002015 lr2=50a0000000000000 lr3=50a000000000201a
entry,170951099332670,447981,seq=104 pc=ffffb3bb75a7aab4 ps=414010c5 i=1 ulrs=5 vmcr=f04c000a lr0=70a0001b0000001b lr1=50a0000000002015 lr2=50a0000000000000 lr3=50a000000000201a
entry,170951099335230,447981,seq=105 pc=ffffb3bb75a7aab4 ps=414010c5 i=1 ulrs=5 vmcr=f04c000a lr0=70a0001b0000001b lr1=50a0000000002015 lr2=50a0000000000000 lr3=50a000000000201a
entry,170951099337570,447981,seq=106 pc=ffffb3bb75a7aab4 ps=414010c5 i=1 ulrs=5 vmcr=f04c000a lr0=70a0001b0000001b lr1=50a0000000002015 lr2=50a0000000000000 lr3=50a000000000201a
entry,170951099340140,447981,seq=107 pc=ffffb3bb75a7aab4 ps=414010c5 i=1 ulrs=5 vmcr=f04c000a lr0=70a0001b0000001b lr1=50a0000000002015 lr2=50a0000000000000 lr3=50a000000000201a
entry,170951099342690,447981,seq=108 pc=ffffb3bb75a7aab4 ps=414010c5 i=1 ulrs=5 vmcr=f04c000a lr0=70a0001b0000001b lr1=50a0000000002015 lr2=50a0000000000000 lr3=50a000000000201a
entry,170951099345250,447981,seq=109 pc=ffffb3bb75a7aab4 ps=414010c5 i=1 ulrs=5 vmcr=f04c000a lr0=70a0001b0000001b lr1=50a0000000002015 lr2=50a0000000000000 lr3=50a000000000201a
entry,170951099347830,447981,seq=110 pc=ffffb3bb75a7aab4 ps=414010c5 i=1 ulrs=5 vmcr=f04c000a lr0=70a0001b0000001b lr1=50a0000000002015 lr2=50a0000000000000 lr3=50a000000000201a
entry,170951099350390,447981,seq=111 pc=ffffb3bb75a7aab4 ps=414010c5 i=1 ulrs=5 vmcr=f04c000a lr0=70a0001b0000001b lr1=50a0000000002015 lr2=50a0000000000000 lr3=50a000000000201a
entry,170951099352930,447981,seq=112 pc=ffffb3bb75a7aab4 ps=414010c5 i=1 ulrs=5 vmcr=f04c000a lr0=70a0001b0000001b lr1=50a0000000002015 lr2=50a0000000000000 lr3=50a000000000201a
entry,170951099355210,447981,seq=113 pc=ffffb3bb75a7aab4 ps=414010c5 i=1 ulrs=5 vmcr=f04c000a lr0=70a0001b0000001b lr1=50a0000000002015 lr2=50a0000000000000 lr3=50a000000000201a
entry,170951099357740,447981,seq=114 pc=ffffb3bb75a7aab4 ps=414010c5 i=1 ulrs=5 vmcr=f04c000a lr0=70a0001b0000001b lr1=50a0000000002015 lr2=50a0000000000000 lr3=50a000000000201a
entry,170951099360320,447981,seq=115 pc=ffffb3bb75a7aab4 ps=414010c5 i=1 ulrs=5 vmcr=f04c000a lr0=70a0001b0000001b lr1=50a0000000002015 lr2=50a0000000000000 lr3=50a000000000201a
entry,170951099362890,447981,seq=116 pc=ffffb3bb75a7aab4 ps=414010c5 i=1 ulrs=5 vmcr=f04c000a lr0=70a0001b0000001b lr1=50a0000000002015 lr2=50a0000000000000 lr3=50a000000000201a
entry,170951099365420,447981,seq=117 pc=ffffb3bb75a7aab4 ps=414010c5 i=1 ulrs=5 vmcr=f04c000a lr0=70a0001b0000001b lr1=50a0000000002015 lr2=50a0000000000000 lr3=50a000000000201a
entry,170951099367730,447981,seq=118 pc=ffffb3bb75a7aab4 ps=414010c5 i=1 ulrs=5 vmcr=f04c000a lr0=70a0001b0000001b lr1=50a0000000002015 lr2=50a0000000000000 lr3=50a000000000201a
entry,170951099370300,447981,seq=119 pc=ffffb3bb75a7aab4 ps=414010c5 i=1 ulrs=5 vmcr=f04c000a lr0=70a0001b0000001b lr1=50a0000000002015 lr2=50a0000000000000 lr3=50a000000000201a
entry,170951099372810,447981,seq=120 pc=ffffb3bb75a7aab4 ps=414010c5 i=1 ulrs=5 vmcr=f04c000a lr0=70a0001b0000001b lr1=50a0000000002015 lr2=50a0000000000000 lr3=50a000000000201a
entry,170951099375680,447981,seq=121 pc=ffffb3bb75a7aab4 ps=414010c5 i=1 ulrs=5 vmcr=f04c000a lr0=70a0001b0000001b lr1=50a0000000002015 lr2=50a0000000000000 lr3=50a000000000201a
entry,170951099378300,447981,seq=122 pc=ffffb3bb75a7aab4 ps=414010c5 i=1 ulrs=5 vmcr=f04c000a lr0=70a0001b0000001b lr1=50a0000000002015 lr2=50a0000000000000 lr3=50a000000000201a
entry,170951099380910,447981,seq=123 pc=ffffb3bb75a7aab4 ps=414010c5 i=1 ulrs=5 vmcr=f04c000a lr0=70a0001b0000001b lr1=50a0000000002015 lr2=50a0000000000000 lr3=50a000000000201a
entry,170951099383460,447981,seq=124 pc=ffffb3bb75a7aab4 ps=414010c5 i=1 ulrs=5 vmcr=f04c000a lr0=70a0001b0000001b lr1=50a0000000002015 lr2=50a0000000000000 lr3=50a000000000201a
entry,170951099385780,447981,seq=125 pc=ffffb3bb75a7aab4 ps=414010c5 i=1 ulrs=5 vmcr=f04c000a lr0=70a0001b0000001b lr1=50a0000000002015 lr2=50a0000000000000 lr3=50a000000000201a
entry,170951099388340,447981,seq=126 pc=ffffb3bb75a7aab4 ps=414010c5 i=1 ulrs=5 vmcr=f04c000a lr0=70a0001b0000001b lr1=50a0000000002015 lr2=50a0000000000000 lr3=50a000000000201a
entry,170951099390910,447981,seq=127 pc=ffffb3bb75a7aab4 ps=414010c5 i=1 ulrs=5 vmcr=f04c000a lr0=70a0001b0000001b lr1=50a0000000002015 lr2=50a0000000000000 lr3=50a000000000201a
entry,170951099393450,447981,seq=128 pc=ffffb3bb75a7aab4 ps=414010c5 i=1 ulrs=5 vmcr=f04c000a lr0=70a0001b0000001b lr1=50a0000000002015 lr2=50a0000000000000 lr3=50a000000000201a
entry,170951099395980,447981,seq=129 pc=ffffb3bb75a7aab4 ps=414010c5 i=1 ulrs=5 vmcr=f04c000a lr0=70a0001b0000001b lr1=50a0000000002015 lr2=50a0000000000000 lr3=50a000000000201a
entry,170951099398590,447981,seq=130 pc=ffffb3bb75a7aab4 ps=414010c5 i=1 ulrs=5 vmcr=f04c000a lr0=70a0001b0000001b lr1=50a0000000002015 lr2=50a0000000000000 lr3=50a000000000201a
entry,170951099400940,447981,seq=131 pc=ffffb3bb75a7aab4 ps=414010c5 i=1 ulrs=5 vmcr=f04c000a lr0=70a0001b0000001b lr1=50a0000000002015 lr2=50a0000000000000 lr3=50a000000000201a
entry,170951099403530,447981,seq=132 pc=ffffb3bb75a7aab4 ps=414010c5 i=1 ulrs=5 vmcr=f04c000a lr0=70a0001b0000001b lr1=50a0000000002015 lr2=50a0000000000000 lr3=50a000000000201a
entry,170951099406080,447981,seq=133 pc=ffffb3bb75a7aab4 ps=414010c5 i=1 ulrs=5 vmcr=f04c000a lr0=70a0001b0000001b lr1=50a0000000002015 lr2=50a0000000000000 lr3=50a000000000201a
entry,170951099408680,447981,seq=134 pc=ffffb3bb75a7aab4 ps=414010c5 i=1 ulrs=5 vmcr=f04c000a lr0=70a0001b0000001b lr1=50a0000000002015 lr2=50a0000000000000 lr3=50a000000000201a
entry,170951099411220,447981,seq=135 pc=ffffb3bb75a7aab4 ps=414010c5 i=1 ulrs=5 vmcr=f04c000a lr0=70a0001b0000001b lr1=50a0000000002015 lr2=50a0000000000000 lr3=50a000000000201a
entry,170951099413860,447981,seq=136 pc=ffffb3bb75a7aab4 ps=414010c5 i=1 ulrs=5 vmcr=f04c000a lr0=70a0001b0000001b lr1=50a0000000002015 lr2=50a0000000000000 lr3=50a000000000201a
entry,170951099416390,447981,seq=137 pc=ffffb3bb75a7aab4 ps=414010c5 i=1 ulrs=5 vmcr=f04c000a lr0=70a0001b0000001b lr1=50a0000000002015 lr2=50a0000000000000 lr3=50a000000000201a
entry,170951099418950,447981,seq=138 pc=ffffb3bb75a7aab4 ps=414010c5 i=1 ulrs=5 vmcr=f04c000a lr0=70a0001b0000001b lr1=50a0000000002015 lr2=50a0000000000000 lr3=50a000000000201a
entry,170951099421350,447981,seq=139 pc=ffffb3bb75a7aab4 ps=414010c5 i=1 ulrs=5 vmcr=f04c000a lr0=70a0001b0000001b lr1=50a0000000002015 lr2=50a0000000000000 lr3=50a000000000201a
entry,170951099423940,447981,seq=140 pc=ffffb3bb75a7aab4 ps=414010c5 i=1 ulrs=5 vmcr=f04c000a lr0=70a0001b0000001b lr1=50a0000000002015 lr2=50a0000000000000 lr3=50a000000000201a
entry,170951099426550,447981,seq=141 pc=ffffb3bb75a7aab4 ps=414010c5 i=1 ulrs=5 vmcr=f04c000a lr0=70a0001b0000001b lr1=50a0000000002015 lr2=50a0000000000000 lr3=50a000000000201a
entry,170951099429200,447981,seq=142 pc=ffffb3bb75a7aab4 ps=414010c5 i=1 ulrs=5 vmcr=f04c000a lr0=70a0001b0000001b lr1=50a0000000002015 lr2=50a0000000000000 lr3=50a000000000201a
entry,170951099431790,447981,seq=143 pc=ffffb3bb75a7aab4 ps=414010c5 i=1 ulrs=5 vmcr=f04c000a lr0=70a0001b0000001b lr1=50a0000000002015 lr2=50a0000000000000 lr3=50a000000000201a
entry,170951099434350,447981,seq=144 pc=ffffb3bb75a7aab4 ps=414010c5 i=1 ulrs=5 vmcr=f04c000a lr0=70a0001b0000001b lr1=50a0000000002015 lr2=50a0000000000000 lr3=50a000000000201a
entry,170951099436790,447981,seq=145 pc=ffffb3bb75a7aab4 ps=414010c5 i=1 ulrs=5 vmcr=f04c000a lr0=70a0001b0000001b lr1=50a0000000002015 lr2=50a0000000000000 lr3=50a000000000201a
entry,170951099439440,447981,seq=146 pc=ffffb3bb75a7aab4 ps=414010c5 i=1 ulrs=5 vmcr=f04c000a lr0=70a0001b0000001b lr1=50a0000000002015 lr2=50a0000000000000 lr3=50a000000000201a
entry,170951099442000,447981,seq=147 pc=ffffb3bb75a7aab4 ps=414010c5 i=1 ulrs=5 vmcr=f04c000a lr0=70a0001b0000001b lr1=50a0000000002015 lr2=50a0000000000000 lr3=50a000000000201a
entry,170951099444580,447981,seq=148 pc=ffffb3bb75a7aab4 ps=414010c5 i=1 ulrs=5 vmcr=f04c000a lr0=70a0001b0000001b lr1=50a0000000002015 lr2=50a0000000000000 lr3=50a000000000201a
entry,170951099447120,447981,seq=149 pc=ffffb3bb75a7aab4 ps=414010c5 i=1 ulrs=5 vmcr=f04c000a lr0=70a0001b0000001b lr1=50a0000000002015 lr2=50a0000000000000 lr3=50a000000000201a
entry,170951099449460,447981,seq=150 pc=ffffb3bb75a7aab4 ps=414010c5 i=1 ulrs=5 vmcr=f04c000a lr0=70a0001b0000001b lr1=50a0000000002015 lr2=50a0000000000000 lr3=50a000000000201a
entry,170951099452010,447981,seq=151 pc=ffffb3bb75a7aab4 ps=414010c5 i=1 ulrs=5 vmcr=f04c000a lr0=70a0001b0000001b lr1=50a0000000002015 lr2=50a0000000000000 lr3=50a000000000201a
entry,170951099454610,447981,seq=152 pc=ffffb3bb75a7aab4 ps=414010c5 i=1 ulrs=5 vmcr=f04c000a lr0=70a0001b0000001b lr1=50a0000000002015 lr2=50a0000000000000 lr3=50a000000000201a
entry,170951099457230,447981,seq=153 pc=ffffb3bb75a7aab4 ps=414010c5 i=1 ulrs=5 vmcr=f04c000a lr0=70a0001b0000001b lr1=50a0000000002015 lr2=50a0000000000000 lr3=50a000000000201a
entry,170951099459860,447981,seq=154 pc=ffffb3bb75a7aab4 ps=414010c5 i=1 ulrs=5 vmcr=f04c000a lr0=70a0001b0000001b lr1=50a0000000002015 lr2=50a0000000000000 lr3=50a000000000201a
entry,170951099462440,447981,seq=155 pc=ffffb3bb75a7aab4 ps=414010c5 i=1 ulrs=5 vmcr=f04c000a lr0=70a0001b0000001b lr1=50a0000000002015 lr2=50a0000000000000 lr3=50a000000000201a
entry,170951099464970,447981,seq=156 pc=ffffb3bb75a7aab4 ps=414010c5 i=1 ulrs=5 vmcr=f04c000a lr0=70a0001b0000001b lr1=50a0000000002015 lr2=50a0000000000000 lr3=50a000000000201a
entry,170951099467540,447981,seq=157 pc=ffffb3bb75a7aab4 ps=414010c5 i=1 ulrs=5 vmcr=f04c000a lr0=70a0001b0000001b lr1=50a0000000002015 lr2=50a0000000000000 lr3=50a000000000201a
entry,170951099470010,447981,seq=158 pc=ffffb3bb75a7aab4 ps=414010c5 i=1 ulrs=5 vmcr=f04c000a lr0=70a0001b0000001b lr1=50a0000000002015 lr2=50a0000000000000 lr3=50a000000000201a
entry,170951099472560,447981,seq=159 pc=ffffb3bb75a7aab4 ps=414010c5 i=1 ulrs=5 vmcr=f04c000a lr0=70a0001b0000001b lr1=50a0000000002015 lr2=50a0000000000000 lr3=50a000000000201a
entry,170951099475130,447981,seq=160 pc=ffffb3bb75a7aab4 ps=414010c5 i=1 ulrs=5 vmcr=f04c000a lr0=70a0001b0000001b lr1=50a0000000002015 lr2=50a0000000000000 lr3=50a000000000201a
entry,170951099477800,447981,seq=161 pc=ffffb3bb75a7aab4 ps=414010c5 i=1 ulrs=5 vmcr=f04c000a lr0=70a0001b0000001b lr1=50a0000000002015 lr2=50a0000000000000 lr3=50a000000000201a
entry,170951099480380,447981,seq=162 pc=ffffb3bb75a7aab4 ps=414010c5 i=1 ulrs=5 vmcr=f04c000a lr0=70a0001b0000001b lr1=50a0000000002015 lr2=50a0000000000000 lr3=50a000000000201a
entry,170951099482950,447981,seq=163 pc=ffffb3bb75a7aab4 ps=414010c5 i=1 ulrs=5 vmcr=f04c000a lr0=70a0001b0000001b lr1=50a0000000002015 lr2=50a0000000000000 lr3=50a000000000201a
entry,170951099485550,447981,seq=164 pc=ffffb3bb75a7aab4 ps=414010c5 i=1 ulrs=5 vmcr=f04c000a lr0=70a0001b0000001b lr1=50a0000000002015 lr2=50a0000000000000 lr3=50a000000000201a
entry,170951099487880,447981,seq=165 pc=ffffb3bb75a7aab4 ps=414010c5 i=1 ulrs=5 vmcr=f04c000a lr0=70a0001b0000001b lr1=50a0000000002015 lr2=50a0000000000000 lr3=50a000000000201a
entry,170951099490450,447981,seq=166 pc=ffffb3bb75a7aab4 ps=414010c5 i=1 ulrs=5 vmcr=f04c000a lr0=70a0001b0000001b lr1=50a0000000002015 lr2=50a0000000000000 lr3=50a000000000201a
entry,170951099493080,447981,seq=167 pc=ffffb3bb75a7aab4 ps=414010c5 i=1 ulrs=5 vmcr=f04c000a lr0=70a0001b0000001b lr1=50a0000000002015 lr2=50a0000000000000 lr3=50a000000000201a
entry,170951099495700,447981,seq=168 pc=ffffb3bb75a7aab4 ps=414010c5 i=1 ulrs=5 vmcr=f04c000a lr0=70a0001b0000001b lr1=50a0000000002015 lr2=50a0000000000000 lr3=50a000000000201a
entry,170951099498320,447981,seq=169 pc=ffffb3bb75a7aab4 ps=414010c5 i=1 ulrs=5 vmcr=f04c000a lr0=70a0001b0000001b lr1=50a0000000002015 lr2=50a0000000000000 lr3=50a000000000201a
entry,170951099500850,447981,seq=170 pc=ffffb3bb75a7aab4 ps=414010c5 i=1 ulrs=5 vmcr=f04c000a lr0=70a0001b0000001b lr1=50a0000000002015 lr2=50a0000000000000 lr3=50a000000000201a
entry,170951099503380,447981,seq=171 pc=ffffb3bb75a7aab4 ps=414010c5 i=1 ulrs=5 vmcr=f04c000a lr0=70a0001b0000001b lr1=50a0000000002015 lr2=50a0000000000000 lr3=50a000000000201a
entry,170951099505670,447981,seq=172 pc=ffffb3bb75a7aab4 ps=414010c5 i=1 ulrs=5 vmcr=f04c000a lr0=70a0001b0000001b lr1=50a0000000002015 lr2=50a0000000000000 lr3=50a000000000201a
entry,170951099508200,447981,seq=173 pc=ffffb3bb75a7aab4 ps=414010c5 i=1 ulrs=5 vmcr=f04c000a lr0=70a0001b0000001b lr1=50a0000000002015 lr2=50a0000000000000 lr3=50a000000000201a
entry,170951099510750,447981,seq=174 pc=ffffb3bb75a7aab4 ps=414010c5 i=1 ulrs=5 vmcr=f04c000a lr0=70a0001b0000001b lr1=50a0000000002015 lr2=50a0000000000000 lr3=50a000000000201a
entry,170951099513350,447981,seq=175 pc=ffffb3bb75a7aab4 ps=414010c5 i=1 ulrs=5 vmcr=f04c000a lr0=70a0001b0000001b lr1=50a0000000002015 lr2=50a0000000000000 lr3=50a000000000201a
entry,170951099515920,447981,seq=176 pc=ffffb3bb75a7aab4 ps=414010c5 i=1 ulrs=5 vmcr=f04c000a lr0=70a0001b0000001b lr1=50a0000000002015 lr2=50a0000000000000 lr3=50a000000000201a
entry,170951099518550,447981,seq=177 pc=ffffb3bb75a7aab4 ps=414010c5 i=1 ulrs=5 vmcr=f04c000a lr0=70a0001b0000001b lr1=50a0000000002015 lr2=50a0000000000000 lr3=50a000000000201a
entry,170951099521120,447981,seq=178 pc=ffffb3bb75a7aab4 ps=414010c5 i=1 ulrs=5 vmcr=f04c000a lr0=70a0001b0000001b lr1=50a0000000002015 lr2=50a0000000000000 lr3=50a000000000201a
entry,170951099523690,447981,seq=179 pc=ffffb3bb75a7aab4 ps=414010c5 i=1 ulrs=5 vmcr=f04c000a lr0=70a0001b0000001b lr1=50a0000000002015 lr2=50a0000000000000 lr3=50a000000000201a
entry,170951099526240,447981,seq=180 pc=ffffb3bb75a7aab4 ps=414010c5 i=1 ulrs=5 vmcr=f04c000a lr0=70a0001b0000001b lr1=50a0000000002015 lr2=50a0000000000000 lr3=50a000000000201a
entry,170951099528800,447981,seq=181 pc=ffffb3bb75a7aab4 ps=414010c5 i=1 ulrs=5 vmcr=f04c000a lr0=70a0001b0000001b lr1=50a0000000002015 lr2=50a0000000000000 lr3=50a000000000201a
entry,170951099531370,447981,seq=182 pc=ffffb3bb75a7aab4 ps=414010c5 i=1 ulrs=5 vmcr=f04c000a lr0=70a0001b0000001b lr1=50a0000000002015 lr2=50a0000000000000 lr3=50a000000000201a
entry,170951099533940,447981,seq=183 pc=ffffb3bb75a7aab4 ps=414010c5 i=1 ulrs=5 vmcr=f04c000a lr0=70a0001b0000001b lr1=50a0000000002015 lr2=50a0000000000000 lr3=50a000000000201a
entry,170951099536240,447981,seq=184 pc=ffffb3bb75a7aab4 ps=414010c5 i=1 ulrs=5 vmcr=f04c000a lr0=70a0001b0000001b lr1=50a0000000002015 lr2=50a0000000000000 lr3=50a000000000201a
entry,170951099538770,447981,seq=185 pc=ffffb3bb75a7aab4 ps=414010c5 i=1 ulrs=5 vmcr=f04c000a lr0=70a0001b0000001b lr1=50a0000000002015 lr2=50a0000000000000 lr3=50a000000000201a
entry,170951099541300,447981,seq=186 pc=ffffb3bb75a7aab4 ps=414010c5 i=1 ulrs=5 vmcr=f04c000a lr0=70a0001b0000001b lr1=50a0000000002015 lr2=50a0000000000000 lr3=50a000000000201a
entry,170951099543830,447981,seq=187 pc=ffffb3bb75a7aab4 ps=414010c5 i=1 ulrs=5 vmcr=f04c000a lr0=70a0001b0000001b lr1=50a0000000002015 lr2=50a0000000000000 lr3=50a000000000201a
entry,170951099546360,447981,seq=188 pc=ffffb3bb75a7aab4 ps=414010c5 i=1 ulrs=5 vmcr=f04c000a lr0=70a0001b0000001b lr1=50a0000000002015 lr2=50a0000000000000 lr3=50a000000000201a
entry,170951099548990,447981,seq=189 pc=ffffb3bb75a7aab4 ps=414010c5 i=1 ulrs=5 vmcr=f04c000a lr0=70a0001b0000001b lr1=50a0000000002015 lr2=50a0000000000000 lr3=50a000000000201a
entry,170951099551550,447981,seq=190 pc=ffffb3bb75a7aab4 ps=414010c5 i=1 ulrs=5 vmcr=f04c000a lr0=70a0001b0000001b lr1=50a0000000002015 lr2=50a0000000000000 lr3=50a000000000201a
entry,170951099553860,447981,seq=191 pc=ffffb3bb75a7aab4 ps=414010c5 i=1 ulrs=5 vmcr=f04c000a lr0=70a0001b0000001b lr1=50a0000000002015 lr2=50a0000000000000 lr3=50a000000000201a
entry,170951099556380,447981,seq=192 pc=ffffb3bb75a7aab4 ps=414010c5 i=1 ulrs=5 vmcr=f04c000a lr0=70a0001b0000001b lr1=50a0000000002015 lr2=50a0000000000000 lr3=50a000000000201a
entry,170951099558900,447981,seq=193 pc=ffffb3bb75a7aab4 ps=414010c5 i=1 ulrs=5 vmcr=f04c000a lr0=70a0001b0000001b lr1=50a0000000002015 lr2=50a0000000000000 lr3=50a000000000201a
entry,170951099561480,447981,seq=194 pc=ffffb3bb75a7aab4 ps=414010c5 i=1 ulrs=5 vmcr=f04c000a lr0=70a0001b0000001b lr1=50a0000000002015 lr2=50a0000000000000 lr3=50a000000000201a
entry,170951099564040,447981,seq=195 pc=ffffb3bb75a7aab4 ps=414010c5 i=1 ulrs=5 vmcr=f04c000a lr0=70a0001b0000001b lr1=50a0000000002015 lr2=50a0000000000000 lr3=50a000000000201a
entry,170951099566600,447981,seq=196 pc=ffffb3bb75a7aab4 ps=414010c5 i=1 ulrs=5 vmcr=f04c000a lr0=70a0001b0000001b lr1=50a0000000002015 lr2=50a0000000000000 lr3=50a000000000201a
entry,170951099569170,447981,seq=197 pc=ffffb3bb75a7aab4 ps=414010c5 i=1 ulrs=5 vmcr=f04c000a lr0=70a0001b0000001b lr1=50a0000000002015 lr2=50a0000000000000 lr3=50a000000000201a
entry,170951099571500,447981,seq=198 pc=ffffb3bb75a7aab4 ps=414010c5 i=1 ulrs=5 vmcr=f04c000a lr0=70a0001b0000001b lr1=50a0000000002015 lr2=50a0000000000000 lr3=50a000000000201a
entry,170951099574130,447981,seq=199 pc=ffffb3bb75a7aab4 ps=414010c5 i=1 ulrs=5 vmcr=f04c000a lr0=70a0001b0000001b lr1=50a0000000002015 lr2=50a0000000000000 lr3=50a000000000201a
entry,170951099576670,447981,seq=200 pc=ffffb3bb75a7aab4 ps=414010c5 i=1 ulrs=5 vmcr=f04c000a lr0=70a0001b0000001b lr1=50a0000000002015 lr2=50a0000000000000 lr3=50a000000000201a
done,170951208809470,447981,entries=50000 i0=3 i1=49997 window_ns=109747580
summary,entries,50000
summary,entries_i1_masked,49997
summary,entries_i0_unmasked,3
summary,i0_seq_to_pc,below
@seq_i0[15643]: 18446660216431003496
@seq_i0[11416]: 18446660216431003496
@seq_i0[21130]: 18446660216431003936
summary,i0_pc_histogram,below
@pc_i0[-83857278547680]: 1
@pc_i0[-83857278548120]: 2


@arm_ns: 170951099062090
@armed: 1
@done: 1
@i0: 3
@i1: 49997
@n: 50000

@seq: 50000


