event,ns,tid,note
arm,178296643065220,542140,wfi=10000
iface,178296643069260,542140,seq=1 cpu=378 pc=ffffb3bb75a7aab4 ps=414010c5 hcr=2403c807d263f imo=1 twi=1 vi=0 ich_hcr=1 vmcr=f04c000a ulrs=5 lr0=70a0001b0000001b lr1=50a0000000002015 lr2=50a0000000000000 lr3=50a000000000201a lr4=50a0000000000001
irq27,178296643069790,542140,seq=1 line=0 pend=0 act=0 en=1 hw=1 hwintid=27 host_irq=11 prio=160 grp=1 timer_loaded=1 timer_level=1
iface,178296651706640,542140,seq=4096 cpu=378 pc=ffffb3bb75a7aab4 ps=414010c5 hcr=2403c807d263f imo=1 twi=1 vi=0 ich_hcr=1 vmcr=f04c000a ulrs=5 lr0=70a0001b0000001b lr1=50a0000000002015 lr2=50a0000000000000 lr3=50a000000000201a lr4=50a0000000000001
irq27,178296651707220,542140,seq=4096 line=0 pend=0 act=0 en=1 hw=1 hwintid=27 host_irq=11 prio=160 grp=1 timer_loaded=1 timer_level=1
iface,178296660409020,542140,seq=8192 cpu=378 pc=ffffb3bb75a7aab4 ps=414010c5 hcr=2403c807d263f imo=1 twi=1 vi=0 ich_hcr=1 vmcr=f04c000a ulrs=5 lr0=70a0001b0000001b lr1=50a0000000002015 lr2=50a0000000000000 lr3=50a000000000201a lr4=50a0000000000001
irq27,178296660409570,542140,seq=8192 line=0 pend=0 act=0 en=1 hw=1 hwintid=27 host_irq=11 prio=160 grp=1 timer_loaded=1 timer_level=1
iface,178296669244320,542140,seq=12288 cpu=378 pc=ffffb3bb75a7aab4 ps=414010c5 hcr=2403c807d263f imo=1 twi=1 vi=0 ich_hcr=1 vmcr=f04c000a ulrs=5 lr0=70a0001b0000001b lr1=50a0000000002015 lr2=50a0000000000000 lr3=50a000000000201a lr4=50a0000000000001
irq27,178296669244850,542140,seq=12288 line=0 pend=0 act=0 en=1 hw=1 hwintid=27 host_irq=11 prio=160 grp=1 timer_loaded=1 timer_level=1
iface,178296677931040,542140,seq=16384 cpu=378 pc=ffffb3bb75a7aab4 ps=414010c5 hcr=2403c807d263f imo=1 twi=1 vi=0 ich_hcr=1 vmcr=f04c000a ulrs=5 lr0=70a0001b0000001b lr1=50a0000000002015 lr2=50a0000000000000 lr3=50a000000000201a lr4=50a0000000000001
irq27,178296677931560,542140,seq=16384 line=0 pend=0 act=0 en=1 hw=1 hwintid=27 host_irq=11 prio=160 grp=1 timer_loaded=1 timer_level=1
iface,178296686579400,542140,seq=20480 cpu=378 pc=ffffb3bb75a7aab4 ps=414010c5 hcr=2403c807d263f imo=1 twi=1 vi=0 ich_hcr=1 vmcr=f04c000a ulrs=5 lr0=70a0001b0000001b lr1=50a0000000002015 lr2=50a0000000000000 lr3=50a000000000201a lr4=50a0000000000001
irq27,178296686579930,542140,seq=20480 line=0 pend=0 act=0 en=1 hw=1 hwintid=27 host_irq=11 prio=160 grp=1 timer_loaded=1 timer_level=1
iface,178296695232850,542140,seq=24576 cpu=378 pc=ffffb3bb75a7aab4 ps=414010c5 hcr=2403c807d263f imo=1 twi=1 vi=0 ich_hcr=1 vmcr=f04c000a ulrs=5 lr0=70a0001b0000001b lr1=50a0000000002015 lr2=50a0000000000000 lr3=50a000000000201a lr4=50a0000000000001
irq27,178296695233370,542140,seq=24576 line=0 pend=0 act=0 en=1 hw=1 hwintid=27 host_irq=11 prio=160 grp=1 timer_loaded=1 timer_level=1
iface,178296703916560,542140,seq=28672 cpu=378 pc=ffffb3bb75a7aab4 ps=414010c5 hcr=2403c807d263f imo=1 twi=1 vi=0 ich_hcr=1 vmcr=f04c000a ulrs=5 lr0=70a0001b0000001b lr1=50a0000000002015 lr2=50a0000000000000 lr3=50a000000000201a lr4=50a0000000000001
irq27,178296703917060,542140,seq=28672 line=0 pend=0 act=0 en=1 hw=1 hwintid=27 host_irq=11 prio=160 grp=1 timer_loaded=1 timer_level=1
iface,178296712640130,542140,seq=32768 cpu=378 pc=ffffb3bb75a7aab4 ps=414010c5 hcr=2403c807d263f imo=1 twi=1 vi=0 ich_hcr=1 vmcr=f04c000a ulrs=5 lr0=70a0001b0000001b lr1=50a0000000002015 lr2=50a0000000000000 lr3=50a000000000201a lr4=50a0000000000001
irq27,178296712640650,542140,seq=32768 line=0 pend=0 act=0 en=1 hw=1 hwintid=27 host_irq=11 prio=160 grp=1 timer_loaded=1 timer_level=1
iface,178296721287770,542140,seq=36864 cpu=378 pc=ffffb3bb75a7aab4 ps=414010c5 hcr=2403c807d263f imo=1 twi=1 vi=0 ich_hcr=1 vmcr=f04c000a ulrs=5 lr0=70a0001b0000001b lr1=50a0000000002015 lr2=50a0000000000000 lr3=50a000000000201a lr4=50a0000000000001
irq27,178296721288280,542140,seq=36864 line=0 pend=0 act=0 en=1 hw=1 hwintid=27 host_irq=11 prio=160 grp=1 timer_loaded=1 timer_level=1
iface,178296729929960,542140,seq=40960 cpu=378 pc=ffffb3bb75a7aab4 ps=414010c5 hcr=2403c807d263f imo=1 twi=1 vi=0 ich_hcr=1 vmcr=f04c000a ulrs=5 lr0=70a0001b0000001b lr1=50a0000000002015 lr2=50a0000000000000 lr3=50a000000000201a lr4=50a0000000000001
irq27,178296729930460,542140,seq=40960 line=0 pend=0 act=0 en=1 hw=1 hwintid=27 host_irq=11 prio=160 grp=1 timer_loaded=1 timer_level=1
iface,178296738603420,542140,seq=45056 cpu=378 pc=ffffb3bb75a7aab4 ps=414010c5 hcr=2403c807d263f imo=1 twi=1 vi=0 ich_hcr=1 vmcr=f04c000a ulrs=5 lr0=70a0001b0000001b lr1=50a0000000002015 lr2=50a0000000000000 lr3=50a000000000201a lr4=50a0000000000001
irq27,178296738603910,542140,seq=45056 line=0 pend=0 act=0 en=1 hw=1 hwintid=27 host_irq=11 prio=160 grp=1 timer_loaded=1 timer_level=1
iface,178296747283460,542140,seq=49152 cpu=378 pc=ffffb3bb75a7aab4 ps=414010c5 hcr=2403c807d263f imo=1 twi=1 vi=0 ich_hcr=1 vmcr=f04c000a ulrs=5 lr0=70a0001b0000001b lr1=50a0000000002015 lr2=50a0000000000000 lr3=50a000000000201a lr4=50a0000000000001
irq27,178296747283980,542140,seq=49152 line=0 pend=0 act=0 en=1 hw=1 hwintid=27 host_irq=11 prio=160 grp=1 timer_loaded=1 timer_level=1
done,178296749086460,542140,entries=50000 window_ns=106021710


@arm_ns: 178296643064770
@armed: 1
@done: 1
@n: 50000
@seq: 50000

