Attaching 4 probes...
event,ns,tid,note
done,179325956789950,0,entries=2992 i0=1529 i1=1463
summary,entries,2992
summary,entries_i1_masked,1463
summary,entries_i0_unmasked,1529
summary,i0_pc_histogram,below
@pc_i0[281473695648836]: 1
@pc_i0[-83857273807844]: 1
@pc_i0[340876]: 1
@pc_i0[530496]: 1
@pc_i0[361688]: 1
@pc_i0[281473816691404]: 1
@pc_i0[281473718930152]: 1
@pc_i0[281473817342616]: 1
@pc_i0[-83857271945344]: 1
@pc_i0[281473816692408]: 1
@pc_i0[-83857271361032]: 1
@pc_i0[-83857277841608]: 1
@pc_i0[281473719497372]: 1
@pc_i0[281473719497368]: 1
@pc_i0[393400]: 1
@pc_i0[281473695644832]: 1
@pc_i0[281473816567232]: 1
@pc_i0[281473816685920]: 1
@pc_i0[-83857271945552]: 1
@pc_i0[-83857278860872]: 1
@pc_i0[281473816684796]: 1
@pc_i0[146080]: 1
@pc_i0[-83857274576624]: 1
@pc_i0[281473817342620]: 1
@pc_i0[440404]: 1
@pc_i0[-83857273890072]: 1
@pc_i0[281473816663236]: 1
@pc_i0[281473718847180]: 1
@pc_i0[281473816544840]: 1
@pc_i0[283480]: 1
@pc_i0[281473718839548]: 1
@pc_i0[-83857271945400]: 1
@pc_i0[-83857275830556]: 1
@pc_i0[281473816711948]: 1
@pc_i0[572688]: 1
@pc_i0[281473719443204]: 1
@pc_i0[-83857264662648]: 1
@pc_i0[281473816684932]: 1
@pc_i0[-83857275627740]: 1
@pc_i0[281473817376044]: 1
@pc_i0[-83857268218460]: 1
@pc_i0[281473816692428]: 1
@pc_i0[-83857275866112]: 1
@pc_i0[281473718945216]: 1
@pc_i0[281473718697972]: 1
@pc_i0[206084]: 1
@pc_i0[571988]: 1
@pc_i0[281473816567528]: 1
@pc_i0[385396]: 1
@pc_i0[281473718799620]: 1
@pc_i0[89400]: 1
@pc_i0[-83857271360972]: 1
@pc_i0[-83857273949440]: 1
@pc_i0[281473817331296]: 1
@pc_i0[223384]: 1
@pc_i0[273840]: 1
@pc_i0[-83857271476032]: 1
@pc_i0[-83857275880664]: 1
@pc_i0[-83857278596864]: 1
@pc_i0[-83857262526476]: 1
@pc_i0[78044]: 1
@pc_i0[281473816544768]: 1
@pc_i0[281473816663056]: 1
@pc_i0[281473816535844]: 1
@pc_i0[-83857264711180]: 1
@pc_i0[-83857274592732]: 1
@pc_i0[-83857273807848]: 1
@pc_i0[-83857277865988]: 1
@pc_i0[-83857268234428]: 1
@pc_i0[281473816519348]: 1
@pc_i0[-83857277935848]: 1
@pc_i0[-83857262509532]: 1
@pc_i0[-83857279012300]: 1
@pc_i0[281473718847160]: 1
@pc_i0[528844]: 1
@pc_i0[572284]: 1
@pc_i0[-83857278598692]: 1
@pc_i0[281473816790176]: 1
@pc_i0[281473719496328]: 1
@pc_i0[-83857267744172]: 1
@pc_i0[281473718799924]: 1
@pc_i0[-83857278597932]: 1
@pc_i0[281473816692388]: 1
@pc_i0[281473816567736]: 1
@pc_i0[-83857272046768]: 1
@pc_i0[-83857274586764]: 1
@pc_i0[-83857272688276]: 1
@pc_i0[281473816567684]: 1
@pc_i0[-83857271945556]: 1
@pc_i0[281473718846156]: 2
@pc_i0[281473718799320]: 2
@pc_i0[281473813832748]: 2
@pc_i0[164072]: 2
@pc_i0[305928]: 2
@pc_i0[-83857275828500]: 2
@pc_i0[-83857275321936]: 2
@pc_i0[-83857275646032]: 2
@pc_i0[221548]: 2
@pc_i0[-83857275322524]: 2
@pc_i0[283676]: 2
@pc_i0[273776]: 2
@pc_i0[281473816663220]: 2
@pc_i0[281473718929936]: 2
@pc_i0[281473718929680]: 2
@pc_i0[281473817510352]: 2
@pc_i0[281473719497604]: 2
@pc_i0[-83857275262324]: 2
@pc_i0[-83857279711848]: 2
@pc_i0[281473719125372]: 2
@pc_i0[213324]: 2
@pc_i0[281473816544780]: 2
@pc_i0[281473816567468]: 2
@pc_i0[281473816543732]: 2
@pc_i0[158396]: 2
@pc_i0[-83857262489472]: 2
@pc_i0[283288]: 2
@pc_i0[234508]: 2
@pc_i0[-83857275838956]: 2
@pc_i0[281473817329200]: 2
@pc_i0[281473816567748]: 2
@pc_i0[-83857268959224]: 2
@pc_i0[281473718866700]: 2
@pc_i0[281473816567700]: 2
@pc_i0[520544]: 2
@pc_i0[281473816685956]: 2
@pc_i0[263184]: 2
@pc_i0[298472]: 2
@pc_i0[572400]: 2
@pc_i0[-83857276361280]: 2
@pc_i0[-83857275646040]: 2
@pc_i0[281473718945232]: 2
@pc_i0[-83857262840864]: 2
@pc_i0[281473719483952]: 2
@pc_i0[238948]: 2
@pc_i0[281473718920668]: 2
@pc_i0[3740136]: 2
@pc_i0[281473816684808]: 2
@pc_i0[334284]: 2
@pc_i0[281473816567640]: 2
@pc_i0[3741260]: 2
@pc_i0[334240]: 2
@pc_i0[254384]: 2
@pc_i0[305904]: 2
@pc_i0[121728]: 2
@pc_i0[-83857275914044]: 2
@pc_i0[281473816711964]: 2
@pc_i0[-83857264711116]: 2
@pc_i0[281473716741088]: 2
@pc_i0[94804]: 2
@pc_i0[-83857275867972]: 2
@pc_i0[239052]: 2
@pc_i0[281473719497992]: 2
@pc_i0[-83857276361184]: 2
@pc_i0[281473816692548]: 2
@pc_i0[-83857274768236]: 2
@pc_i0[281473718929452]: 2
@pc_i0[572788]: 2
@pc_i0[-83857264716960]: 2
@pc_i0[470036]: 3
@pc_i0[281473719062020]: 3
@pc_i0[-83857277869464]: 3
@pc_i0[281473719496140]: 3
@pc_i0[281473718846160]: 3
@pc_i0[297064]: 3
@pc_i0[-83857275172672]: 3
@pc_i0[281473718722436]: 3
@pc_i0[-83857279676412]: 3
@pc_i0[121812]: 3
@pc_i0[281473718944928]: 3
@pc_i0[154052]: 3
@pc_i0[-83857279681456]: 3
@pc_i0[281473718698484]: 4
@pc_i0[281473718722220]: 4
@pc_i0[413800]: 4
@pc_i0[164120]: 4
@pc_i0[164168]: 4
@pc_i0[281473718929948]: 4
@pc_i0[431976]: 4
@pc_i0[281473718833960]: 4
@pc_i0[431056]: 4
@pc_i0[281473718866716]: 4
@pc_i0[-83857277654760]: 4
@pc_i0[147588]: 4
@pc_i0[-83857277654796]: 4
@pc_i0[-83857262829460]: 4
@pc_i0[432948]: 4
@pc_i0[572580]: 4
@pc_i0[297060]: 5
@pc_i0[572056]: 5
@pc_i0[572052]: 6
@pc_i0[-83857278854728]: 6
@pc_i0[274140]: 6
@pc_i0[281473719062092]: 6
@pc_i0[121844]: 6
@pc_i0[375212]: 6
@pc_i0[-83857275877728]: 6
@pc_i0[-83857262840560]: 7
@pc_i0[-83857275321624]: 7
@pc_i0[281473718722240]: 7
@pc_i0[297088]: 8
@pc_i0[163744]: 8
@pc_i0[430132]: 8
@pc_i0[281473718722452]: 8
@pc_i0[281473718863136]: 8
@pc_i0[274152]: 8
@pc_i0[-83857264710816]: 9
@pc_i0[-83857262830672]: 9
@pc_i0[1071772]: 10
@pc_i0[-83857275324900]: 10
@pc_i0[221620]: 11
@pc_i0[164200]: 11
@pc_i0[572104]: 13
@pc_i0[161020]: 14
@pc_i0[-83857275654292]: 14
@pc_i0[-83857277656564]: 15
@pc_i0[-83857277656512]: 17
@pc_i0[156524]: 19
@pc_i0[572008]: 21
@pc_i0[163804]: 26
@pc_i0[572712]: 28
@pc_i0[156556]: 34
@pc_i0[222060]: 44
@pc_i0[-83857277656568]: 51
@pc_i0[-83857269369620]: 67
@pc_i0[572320]: 93
@pc_i0[-83857262842056]: 562
summary,i1_pc_histogram_top,below
@pc_i1[-83857278747876]: 4
@pc_i1[-83857262562596]: 5
@pc_i1[-83857278002180]: 6
@pc_i1[-83857278717996]: 6
@pc_i1[-83857277992720]: 7
@pc_i1[-83857262552932]: 12
@pc_i1[-83857274327008]: 14
@pc_i1[-83857274326932]: 26
@pc_i1[-83857270742916]: 446
@pc_i1[-83857262531916]: 846


@i0: 1529
@i1: 1463
@n: 2992


